C:\Users\arman\source\repos\OnlineShop\src\Domain\Entities\Coupon.cs(270,21): warning CS0114: 'Coupon.Delete(string?)' hides inherited member 'BaseEntity.Delete(string?)'. To make the current member override that implementation, add the override keyword. Otherwise add the new keyword. [C:\Users\arman\source\repos\OnlineShop\src\Domain\OnlineShop.Domain.csproj]
C:\Users\arman\source\repos\OnlineShop\src\Domain\Entities\Material.cs(64,21): warning CS0114: 'Material.Delete(string?)' hides inherited member 'BaseEntity.Delete(string?)'. To make the current member override that implementation, add the override keyword. Otherwise add the new keyword. [C:\Users\arman\source\repos\OnlineShop\src\Domain\OnlineShop.Domain.csproj]
C:\Users\arman\source\repos\OnlineShop\src\Domain\Entities\ProductCategory.cs(54,21): warning CS0114: 'ProductCategory.Delete(string?)' hides inherited member 'BaseEntity.Delete(string?)'. To make the current member override that implementation, add the override keyword. Otherwise add the new keyword. [C:\Users\arman\source\repos\OnlineShop\src\Domain\OnlineShop.Domain.csproj]
C:\Users\arman\source\repos\OnlineShop\src\Domain\Entities\OrderStatusHistory.cs(78,21): warning CS0114: 'OrderStatusHistory.Delete(string?)' hides inherited member 'BaseEntity.Delete(string?)'. To make the current member override that implementation, add the override keyword. Otherwise add the new keyword. [C:\Users\arman\source\repos\OnlineShop\src\Domain\OnlineShop.Domain.csproj]
C:\Users\arman\source\repos\OnlineShop\src\Domain\Entities\MahakMapping.cs(91,21): warning CS0114: 'MahakMapping.Delete(string?)' hides inherited member 'BaseEntity.Delete(string?)'. To make the current member override that implementation, add the override keyword. Otherwise add the new keyword. [C:\Users\arman\source\repos\OnlineShop\src\Domain\OnlineShop.Domain.csproj]
C:\Users\arman\source\repos\OnlineShop\src\Domain\Entities\Otp.cs(86,21): warning CS0114: 'Otp.Delete(string?)' hides inherited member 'BaseEntity.Delete(string?)'. To make the current member override that implementation, add the override keyword. Otherwise add the new keyword. [C:\Users\arman\source\repos\OnlineShop\src\Domain\OnlineShop.Domain.csproj]
C:\Users\arman\source\repos\OnlineShop\src\Domain\Entities\ProductDetail.cs(71,21): warning CS0114: 'ProductDetail.Delete(string?)' hides inherited member 'BaseEntity.Delete(string?)'. To make the current member override that implementation, add the override keyword. Otherwise add the new keyword. [C:\Users\arman\source\repos\OnlineShop\src\Domain\OnlineShop.Domain.csproj]
C:\Users\arman\source\repos\OnlineShop\src\Domain\Entities\ProductImage.cs(114,21): warning CS0114: 'ProductImage.Delete(string?)' hides inherited member 'BaseEntity.Delete(string?)'. To make the current member override that implementation, add the override keyword. Otherwise add the new keyword. [C:\Users\arman\source\repos\OnlineShop\src\Domain\OnlineShop.Domain.csproj]
C:\Users\arman\source\repos\OnlineShop\src\Domain\Entities\ProductInventory.cs(151,21): warning CS0114: 'ProductInventory.Delete(string?)' hides inherited member 'BaseEntity.Delete(string?)'. To make the current member override that implementation, add the override keyword. Otherwise add the new keyword. [C:\Users\arman\source\repos\OnlineShop\src\Domain\OnlineShop.Domain.csproj]
C:\Users\arman\source\repos\OnlineShop\src\Domain\Entities\MahakQueue.cs(175,21): warning CS0114: 'MahakQueue.Delete(string?)' hides inherited member 'BaseEntity.Delete(string?)'. To make the current member override that implementation, add the override keyword. Otherwise add the new keyword. [C:\Users\arman\source\repos\OnlineShop\src\Domain\OnlineShop.Domain.csproj]
C:\Users\arman\source\repos\OnlineShop\src\Domain\Entities\Brand.cs(92,21): warning CS0114: 'Brand.Delete(string?)' hides inherited member 'BaseEntity.Delete(string?)'. To make the current member override that implementation, add the override keyword. Otherwise add the new keyword. [C:\Users\arman\source\repos\OnlineShop\src\Domain\OnlineShop.Domain.csproj]
C:\Users\arman\source\repos\OnlineShop\src\Domain\Entities\Product.cs(221,21): warning CS0114: 'Product.Delete(string?)' hides inherited member 'BaseEntity.Delete(string?)'. To make the current member override that implementation, add the override keyword. Otherwise add the new keyword. [C:\Users\arman\source\repos\OnlineShop\src\Domain\OnlineShop.Domain.csproj]
C:\Users\arman\source\repos\OnlineShop\src\Domain\Entities\ProductRelation.cs(77,21): warning CS0114: 'ProductRelation.Delete(string?)' hides inherited member 'BaseEntity.Delete(string?)'. To make the current member override that implementation, add the override keyword. Otherwise add the new keyword. [C:\Users\arman\source\repos\OnlineShop\src\Domain\OnlineShop.Domain.csproj]
C:\Users\arman\source\repos\OnlineShop\src\Domain\Entities\ProductReview.cs(108,21): warning CS0114: 'ProductReview.Delete(string?)' hides inherited member 'BaseEntity.Delete(string?)'. To make the current member override that implementation, add the override keyword. Otherwise add the new keyword. [C:\Users\arman\source\repos\OnlineShop\src\Domain\OnlineShop.Domain.csproj]
C:\Users\arman\source\repos\OnlineShop\src\Domain\Entities\MahakSyncLog.cs(147,21): warning CS0114: 'MahakSyncLog.Delete(string?)' hides inherited member 'BaseEntity.Delete(string?)'. To make the current member override that implementation, add the override keyword. Otherwise add the new keyword. [C:\Users\arman\source\repos\OnlineShop\src\Domain\OnlineShop.Domain.csproj]
C:\Users\arman\source\repos\OnlineShop\src\Domain\Entities\Season.cs(66,21): warning CS0114: 'Season.Delete(string?)' hides inherited member 'BaseEntity.Delete(string?)'. To make the current member override that implementation, add the override keyword. Otherwise add the new keyword. [C:\Users\arman\source\repos\OnlineShop\src\Domain\OnlineShop.Domain.csproj]
C:\Users\arman\source\repos\OnlineShop\src\Domain\Entities\Cart.cs(99,21): warning CS0114: 'Cart.Delete(string?)' hides inherited member 'BaseEntity.Delete(string?)'. To make the current member override that implementation, add the override keyword. Otherwise add the new keyword. [C:\Users\arman\source\repos\OnlineShop\src\Domain\OnlineShop.Domain.csproj]
C:\Users\arman\source\repos\OnlineShop\src\Domain\Entities\UserPayment.cs(115,21): warning CS0114: 'UserPayment.Delete(string?)' hides inherited member 'BaseEntity.Delete(string?)'. To make the current member override that implementation, add the override keyword. Otherwise add the new keyword. [C:\Users\arman\source\repos\OnlineShop\src\Domain\OnlineShop.Domain.csproj]
C:\Users\arman\source\repos\OnlineShop\src\Domain\Entities\UserAddress.cs(192,21): warning CS0114: 'UserAddress.Delete(string?)' hides inherited member 'BaseEntity.Delete(string?)'. To make the current member override that implementation, add the override keyword. Otherwise add the new keyword. [C:\Users\arman\source\repos\OnlineShop\src\Domain\OnlineShop.Domain.csproj]
C:\Users\arman\source\repos\OnlineShop\src\Domain\Entities\StockAlert.cs(120,21): warning CS0114: 'StockAlert.Delete(string?)' hides inherited member 'BaseEntity.Delete(string?)'. To make the current member override that implementation, add the override keyword. Otherwise add the new keyword. [C:\Users\arman\source\repos\OnlineShop\src\Domain\OnlineShop.Domain.csproj]
C:\Users\arman\source\repos\OnlineShop\src\Domain\Entities\CartItem.cs(87,21): warning CS0114: 'CartItem.Delete(string?)' hides inherited member 'BaseEntity.Delete(string?)'. To make the current member override that implementation, add the override keyword. Otherwise add the new keyword. [C:\Users\arman\source\repos\OnlineShop\src\Domain\OnlineShop.Domain.csproj]
C:\Users\arman\source\repos\OnlineShop\src\Domain\Entities\Wishlist.cs(43,21): warning CS0114: 'Wishlist.Delete(string?)' hides inherited member 'BaseEntity.Delete(string?)'. To make the current member override that implementation, add the override keyword. Otherwise add the new keyword. [C:\Users\arman\source\repos\OnlineShop\src\Domain\OnlineShop.Domain.csproj]
C:\Users\arman\source\repos\OnlineShop\src\Domain\Entities\UserProductView.cs(136,21): warning CS0114: 'UserProductView.Delete(string?)' hides inherited member 'BaseEntity.Delete(string?)'. To make the current member override that implementation, add the override keyword. Otherwise add the new keyword. [C:\Users\arman\source\repos\OnlineShop\src\Domain\OnlineShop.Domain.csproj]
C:\Users\arman\source\repos\OnlineShop\src\Domain\Entities\UserCouponUsage.cs(105,21): warning CS0114: 'UserCouponUsage.Delete(string?)' hides inherited member 'BaseEntity.Delete(string?)'. To make the current member override that implementation, add the override keyword. Otherwise add the new keyword. [C:\Users\arman\source\repos\OnlineShop\src\Domain\OnlineShop.Domain.csproj]
C:\Users\arman\source\repos\OnlineShop\src\Domain\Entities\ProductVariant.cs(130,21): warning CS0114: 'ProductVariant.Delete(string?)' hides inherited member 'BaseEntity.Delete(string?)'. To make the current member override that implementation, add the override keyword. Otherwise add the new keyword. [C:\Users\arman\source\repos\OnlineShop\src\Domain\OnlineShop.Domain.csproj]
C:\Users\arman\source\repos\OnlineShop\src\Domain\Entities\UserProfile.cs(126,21): warning CS0114: 'UserProfile.Delete(string?)' hides inherited member 'BaseEntity.Delete(string?)'. To make the current member override that implementation, add the override keyword. Otherwise add the new keyword. [C:\Users\arman\source\repos\OnlineShop\src\Domain\OnlineShop.Domain.csproj]
C:\Users\arman\source\repos\OnlineShop\src\Domain\Entities\SyncErrorLog.cs(148,21): warning CS0114: 'SyncErrorLog.Delete(string?)' hides inherited member 'BaseEntity.Delete(string?)'. To make the current member override that implementation, add the override keyword. Otherwise add the new keyword. [C:\Users\arman\source\repos\OnlineShop\src\Domain\OnlineShop.Domain.csproj]
C:\Users\arman\source\repos\OnlineShop\src\Domain\Entities\UserOrder.cs(235,21): warning CS0114: 'UserOrder.Delete(string?)' hides inherited member 'BaseEntity.Delete(string?)'. To make the current member override that implementation, add the override keyword. Otherwise add the new keyword. [C:\Users\arman\source\repos\OnlineShop\src\Domain\OnlineShop.Domain.csproj]
C:\Users\arman\source\repos\OnlineShop\src\Domain\Entities\Unit.cs(58,21): warning CS0114: 'Unit.Delete(string?)' hides inherited member 'BaseEntity.Delete(string?)'. To make the current member override that implementation, add the override keyword. Otherwise add the new keyword. [C:\Users\arman\source\repos\OnlineShop\src\Domain\OnlineShop.Domain.csproj]
C:\Users\arman\source\repos\OnlineShop\src\Domain\Entities\UserReturnRequest.cs(130,21): warning CS0114: 'UserReturnRequest.Delete(string?)' hides inherited member 'BaseEntity.Delete(string?)'. To make the current member override that implementation, add the override keyword. Otherwise add the new keyword. [C:\Users\arman\source\repos\OnlineShop\src\Domain\OnlineShop.Domain.csproj]
C:\Users\arman\source\repos\OnlineShop\src\Domain\Entities\UserOrderItem.cs(114,21): warning CS0114: 'UserOrderItem.Delete(string?)' hides inherited member 'BaseEntity.Delete(string?)'. To make the current member override that implementation, add the override keyword. Otherwise add the new keyword. [C:\Users\arman\source\repos\OnlineShop\src\Domain\OnlineShop.Domain.csproj]
C:\Users\arman\source\repos\OnlineShop\src\Domain\Entities\SavedCart.cs(86,21): warning CS0114: 'SavedCart.Delete(string?)' hides inherited member 'BaseEntity.Delete(string?)'. To make the current member override that implementation, add the override keyword. Otherwise add the new keyword. [C:\Users\arman\source\repos\OnlineShop\src\Domain\OnlineShop.Domain.csproj]
C:\Users\arman\source\repos\OnlineShop\tests\OnlineShop.Application.Tests\tests\OnlineShop.Application.Tests\Features\Product\Commands\DeleteProductCommandHandlerTests.cs(34,31): warning CS8600: Converting null literal or possible null value to non-nullable type. [C:\Users\arman\source\repos\OnlineShop\tests\OnlineShop.Application.Tests\OnlineShop.Application.Tests.csproj]
C:\Users\arman\source\repos\OnlineShop\tests\OnlineShop.Application.Tests\tests\OnlineShop.Application.Tests\Features\Product\Commands\UpdateProductCommandHandlerTests.cs(97,31): warning CS8600: Converting null literal or possible null value to non-nullable type. [C:\Users\arman\source\repos\OnlineShop\tests\OnlineShop.Application.Tests\OnlineShop.Application.Tests.csproj]
C:\Users\arman\source\repos\OnlineShop\tests\OnlineShop.Application.Tests\tests\OnlineShop.Application.Tests\Features\Product\Commands\CreateProductCommandHandlerTests.cs(105,55): warning CS8600: Converting null literal or possible null value to non-nullable type. [C:\Users\arman\source\repos\OnlineShop\tests\OnlineShop.Application.Tests\OnlineShop.Application.Tests.csproj]
C:\Users\arman\source\repos\OnlineShop\tests\OnlineShop.Application.Tests\tests\OnlineShop.Application.Tests\Features\Product\Commands\CreateProductCommandHandlerTests.cs(119,13): warning CS8602: Dereference of a possibly null reference. [C:\Users\arman\source\repos\OnlineShop\tests\OnlineShop.Application.Tests\OnlineShop.Application.Tests.csproj]
C:\Users\arman\source\repos\OnlineShop\tests\OnlineShop.Application.Tests\tests\OnlineShop.Application.Tests\Features\Unit\Commands\DeleteUnitCommandHandlerTests.cs(54,31): warning CS8600: Converting null literal or possible null value to non-nullable type. [C:\Users\arman\source\repos\OnlineShop\tests\OnlineShop.Application.Tests\OnlineShop.Application.Tests.csproj]
C:\Users\arman\source\repos\OnlineShop\tests\OnlineShop.Application.Tests\tests\OnlineShop.Application.Tests\Features\Unit\Queries\GetUnitByIdQueryHandlerTests.cs(68,31): warning CS8600: Converting null literal or possible null value to non-nullable type. [C:\Users\arman\source\repos\OnlineShop\tests\OnlineShop.Application.Tests\OnlineShop.Application.Tests.csproj]
C:\Users\arman\source\repos\OnlineShop\tests\OnlineShop.Application.Tests\tests\OnlineShop.Application.Tests\Features\Unit\Commands\UpdateUnitCommandHandlerTests.cs(82,31): warning CS8600: Converting null literal or possible null value to non-nullable type. [C:\Users\arman\source\repos\OnlineShop\tests\OnlineShop.Application.Tests\OnlineShop.Application.Tests.csproj]
C:\Users\arman\source\repos\OnlineShop\tests\OnlineShop.Application.Tests\tests\OnlineShop.Application.Tests\Features\Unit\Queries\GetUnitByIdQueryHandlerTests.cs(87,31): warning CS8600: Converting null literal or possible null value to non-nullable type. [C:\Users\arman\source\repos\OnlineShop\tests\OnlineShop.Application.Tests\OnlineShop.Application.Tests.csproj]
C:\Users\arman\source\repos\OnlineShop\src\Infrastructure\Migrations\20250829180915_removeunittnfromunits.cs(8,26): warning CS8981: The type name 'removeunittnfromunits' only contains lower-cased ascii characters. Such names may become reserved for the language. [C:\Users\arman\source\repos\OnlineShop\src\Infrastructure\OnlineShop.Infrastructure.csproj]
C:\Users\arman\source\repos\OnlineShop\src\Infrastructure\Migrations\20250829180915_removeunittnfromunits.Designer.cs(16,19): warning CS8981: The type name 'removeunittnfromunits' only contains lower-cased ascii characters. Such names may become reserved for the language. [C:\Users\arman\source\repos\OnlineShop\src\Infrastructure\OnlineShop.Infrastructure.csproj]
C:\Users\arman\source\repos\OnlineShop\tests\OnlineShop.IntegrationTests\Helpers\AuthHelper.cs(60,28): warning CS8603: Possible null reference return. [C:\Users\arman\source\repos\OnlineShop\tests\OnlineShop.IntegrationTests\OnlineShop.IntegrationTests.csproj]
C:\Users\arman\source\repos\OnlineShop\tests\OnlineShop.IntegrationTests\Helpers\AuthHelper.cs(70,28): warning CS8603: Possible null reference return. [C:\Users\arman\source\repos\OnlineShop\tests\OnlineShop.IntegrationTests\OnlineShop.IntegrationTests.csproj]
C:\Users\arman\source\repos\OnlineShop\tests\OnlineShop.IntegrationTests\Helpers\AuthHelper.cs(101,20): warning CS8603: Possible null reference return. [C:\Users\arman\source\repos\OnlineShop\tests\OnlineShop.IntegrationTests\OnlineShop.IntegrationTests.csproj]
C:\Users\arman\source\repos\OnlineShop\tests\OnlineShop.IntegrationTests\Helpers\AuthHelper.cs(115,28): warning CS8603: Possible null reference return. [C:\Users\arman\source\repos\OnlineShop\tests\OnlineShop.IntegrationTests\OnlineShop.IntegrationTests.csproj]
C:\Users\arman\source\repos\OnlineShop\tests\OnlineShop.IntegrationTests\Helpers\AuthHelper.cs(125,28): warning CS8603: Possible null reference return. [C:\Users\arman\source\repos\OnlineShop\tests\OnlineShop.IntegrationTests\OnlineShop.IntegrationTests.csproj]
C:\Users\arman\source\repos\OnlineShop\tests\OnlineShop.IntegrationTests\Helpers\AuthHelper.cs(162,20): warning CS8603: Possible null reference return. [C:\Users\arman\source\repos\OnlineShop\tests\OnlineShop.IntegrationTests\OnlineShop.IntegrationTests.csproj]
C:\Users\arman\source\repos\OnlineShop\tests\OnlineShop.IntegrationTests\Helpers\AuthHelper.cs(207,20): warning CS8603: Possible null reference return. [C:\Users\arman\source\repos\OnlineShop\tests\OnlineShop.IntegrationTests\OnlineShop.IntegrationTests.csproj]

Build succeeded.

C:\Users\arman\source\repos\OnlineShop\src\Domain\Entities\Coupon.cs(270,21): warning CS0114: 'Coupon.Delete(string?)' hides inherited member 'BaseEntity.Delete(string?)'. To make the current member override that implementation, add the override keyword. Otherwise add the new keyword. [C:\Users\arman\source\repos\OnlineShop\src\Domain\OnlineShop.Domain.csproj]
C:\Users\arman\source\repos\OnlineShop\src\Domain\Entities\Material.cs(64,21): warning CS0114: 'Material.Delete(string?)' hides inherited member 'BaseEntity.Delete(string?)'. To make the current member override that implementation, add the override keyword. Otherwise add the new keyword. [C:\Users\arman\source\repos\OnlineShop\src\Domain\OnlineShop.Domain.csproj]
C:\Users\arman\source\repos\OnlineShop\src\Domain\Entities\ProductCategory.cs(54,21): warning CS0114: 'ProductCategory.Delete(string?)' hides inherited member 'BaseEntity.Delete(string?)'. To make the current member override that implementation, add the override keyword. Otherwise add the new keyword. [C:\Users\arman\source\repos\OnlineShop\src\Domain\OnlineShop.Domain.csproj]
C:\Users\arman\source\repos\OnlineShop\src\Domain\Entities\OrderStatusHistory.cs(78,21): warning CS0114: 'OrderStatusHistory.Delete(string?)' hides inherited member 'BaseEntity.Delete(string?)'. To make the current member override that implementation, add the override keyword. Otherwise add the new keyword. [C:\Users\arman\source\repos\OnlineShop\src\Domain\OnlineShop.Domain.csproj]
C:\Users\arman\source\repos\OnlineShop\src\Domain\Entities\MahakMapping.cs(91,21): warning CS0114: 'MahakMapping.Delete(string?)' hides inherited member 'BaseEntity.Delete(string?)'. To make the current member override that implementation, add the override keyword. Otherwise add the new keyword. [C:\Users\arman\source\repos\OnlineShop\src\Domain\OnlineShop.Domain.csproj]
C:\Users\arman\source\repos\OnlineShop\src\Domain\Entities\Otp.cs(86,21): warning CS0114: 'Otp.Delete(string?)' hides inherited member 'BaseEntity.Delete(string?)'. To make the current member override that implementation, add the override keyword. Otherwise add the new keyword. [C:\Users\arman\source\repos\OnlineShop\src\Domain\OnlineShop.Domain.csproj]
C:\Users\arman\source\repos\OnlineShop\src\Domain\Entities\ProductDetail.cs(71,21): warning CS0114: 'ProductDetail.Delete(string?)' hides inherited member 'BaseEntity.Delete(string?)'. To make the current member override that implementation, add the override keyword. Otherwise add the new keyword. [C:\Users\arman\source\repos\OnlineShop\src\Domain\OnlineShop.Domain.csproj]
C:\Users\arman\source\repos\OnlineShop\src\Domain\Entities\ProductImage.cs(114,21): warning CS0114: 'ProductImage.Delete(string?)' hides inherited member 'BaseEntity.Delete(string?)'. To make the current member override that implementation, add the override keyword. Otherwise add the new keyword. [C:\Users\arman\source\repos\OnlineShop\src\Domain\OnlineShop.Domain.csproj]
C:\Users\arman\source\repos\OnlineShop\src\Domain\Entities\ProductInventory.cs(151,21): warning CS0114: 'ProductInventory.Delete(string?)' hides inherited member 'BaseEntity.Delete(string?)'. To make the current member override that implementation, add the override keyword. Otherwise add the new keyword. [C:\Users\arman\source\repos\OnlineShop\src\Domain\OnlineShop.Domain.csproj]
C:\Users\arman\source\repos\OnlineShop\src\Domain\Entities\MahakQueue.cs(175,21): warning CS0114: 'MahakQueue.Delete(string?)' hides inherited member 'BaseEntity.Delete(string?)'. To make the current member override that implementation, add the override keyword. Otherwise add the new keyword. [C:\Users\arman\source\repos\OnlineShop\src\Domain\OnlineShop.Domain.csproj]
C:\Users\arman\source\repos\OnlineShop\src\Domain\Entities\Brand.cs(92,21): warning CS0114: 'Brand.Delete(string?)' hides inherited member 'BaseEntity.Delete(string?)'. To make the current member override that implementation, add the override keyword. Otherwise add the new keyword. [C:\Users\arman\source\repos\OnlineShop\src\Domain\OnlineShop.Domain.csproj]
C:\Users\arman\source\repos\OnlineShop\src\Domain\Entities\Product.cs(221,21): warning CS0114: 'Product.Delete(string?)' hides inherited member 'BaseEntity.Delete(string?)'. To make the current member override that implementation, add the override keyword. Otherwise add the new keyword. [C:\Users\arman\source\repos\OnlineShop\src\Domain\OnlineShop.Domain.csproj]
C:\Users\arman\source\repos\OnlineShop\src\Domain\Entities\ProductRelation.cs(77,21): warning CS0114: 'ProductRelation.Delete(string?)' hides inherited member 'BaseEntity.Delete(string?)'. To make the current member override that implementation, add the override keyword. Otherwise add the new keyword. [C:\Users\arman\source\repos\OnlineShop\src\Domain\OnlineShop.Domain.csproj]
C:\Users\arman\source\repos\OnlineShop\src\Domain\Entities\ProductReview.cs(108,21): warning CS0114: 'ProductReview.Delete(string?)' hides inherited member 'BaseEntity.Delete(string?)'. To make the current member override that implementation, add the override keyword. Otherwise add the new keyword. [C:\Users\arman\source\repos\OnlineShop\src\Domain\OnlineShop.Domain.csproj]
C:\Users\arman\source\repos\OnlineShop\src\Domain\Entities\MahakSyncLog.cs(147,21): warning CS0114: 'MahakSyncLog.Delete(string?)' hides inherited member 'BaseEntity.Delete(string?)'. To make the current member override that implementation, add the override keyword. Otherwise add the new keyword. [C:\Users\arman\source\repos\OnlineShop\src\Domain\OnlineShop.Domain.csproj]
C:\Users\arman\source\repos\OnlineShop\src\Domain\Entities\Season.cs(66,21): warning CS0114: 'Season.Delete(string?)' hides inherited member 'BaseEntity.Delete(string?)'. To make the current member override that implementation, add the override keyword. Otherwise add the new keyword. [C:\Users\arman\source\repos\OnlineShop\src\Domain\OnlineShop.Domain.csproj]
C:\Users\arman\source\repos\OnlineShop\src\Domain\Entities\Cart.cs(99,21): warning CS0114: 'Cart.Delete(string?)' hides inherited member 'BaseEntity.Delete(string?)'. To make the current member override that implementation, add the override keyword. Otherwise add the new keyword. [C:\Users\arman\source\repos\OnlineShop\src\Domain\OnlineShop.Domain.csproj]
C:\Users\arman\source\repos\OnlineShop\src\Domain\Entities\UserPayment.cs(115,21): warning CS0114: 'UserPayment.Delete(string?)' hides inherited member 'BaseEntity.Delete(string?)'. To make the current member override that implementation, add the override keyword. Otherwise add the new keyword. [C:\Users\arman\source\repos\OnlineShop\src\Domain\OnlineShop.Domain.csproj]
C:\Users\arman\source\repos\OnlineShop\src\Domain\Entities\UserAddress.cs(192,21): warning CS0114: 'UserAddress.Delete(string?)' hides inherited member 'BaseEntity.Delete(string?)'. To make the current member override that implementation, add the override keyword. Otherwise add the new keyword. [C:\Users\arman\source\repos\OnlineShop\src\Domain\OnlineShop.Domain.csproj]
C:\Users\arman\source\repos\OnlineShop\src\Domain\Entities\StockAlert.cs(120,21): warning CS0114: 'StockAlert.Delete(string?)' hides inherited member 'BaseEntity.Delete(string?)'. To make the current member override that implementation, add the override keyword. Otherwise add the new keyword. [C:\Users\arman\source\repos\OnlineShop\src\Domain\OnlineShop.Domain.csproj]
C:\Users\arman\source\repos\OnlineShop\src\Domain\Entities\CartItem.cs(87,21): warning CS0114: 'CartItem.Delete(string?)' hides inherited member 'BaseEntity.Delete(string?)'. To make the current member override that implementation, add the override keyword. Otherwise add the new keyword. [C:\Users\arman\source\repos\OnlineShop\src\Domain\OnlineShop.Domain.csproj]
C:\Users\arman\source\repos\OnlineShop\src\Domain\Entities\Wishlist.cs(43,21): warning CS0114: 'Wishlist.Delete(string?)' hides inherited member 'BaseEntity.Delete(string?)'. To make the current member override that implementation, add the override keyword. Otherwise add the new keyword. [C:\Users\arman\source\repos\OnlineShop\src\Domain\OnlineShop.Domain.csproj]
C:\Users\arman\source\repos\OnlineShop\src\Domain\Entities\UserProductView.cs(136,21): warning CS0114: 'UserProductView.Delete(string?)' hides inherited member 'BaseEntity.Delete(string?)'. To make the current member override that implementation, add the override keyword. Otherwise add the new keyword. [C:\Users\arman\source\repos\OnlineShop\src\Domain\OnlineShop.Domain.csproj]
C:\Users\arman\source\repos\OnlineShop\src\Domain\Entities\UserCouponUsage.cs(105,21): warning CS0114: 'UserCouponUsage.Delete(string?)' hides inherited member 'BaseEntity.Delete(string?)'. To make the current member override that implementation, add the override keyword. Otherwise add the new keyword. [C:\Users\arman\source\repos\OnlineShop\src\Domain\OnlineShop.Domain.csproj]
C:\Users\arman\source\repos\OnlineShop\src\Domain\Entities\ProductVariant.cs(130,21): warning CS0114: 'ProductVariant.Delete(string?)' hides inherited member 'BaseEntity.Delete(string?)'. To make the current member override that implementation, add the override keyword. Otherwise add the new keyword. [C:\Users\arman\source\repos\OnlineShop\src\Domain\OnlineShop.Domain.csproj]
C:\Users\arman\source\repos\OnlineShop\src\Domain\Entities\UserProfile.cs(126,21): warning CS0114: 'UserProfile.Delete(string?)' hides inherited member 'BaseEntity.Delete(string?)'. To make the current member override that implementation, add the override keyword. Otherwise add the new keyword. [C:\Users\arman\source\repos\OnlineShop\src\Domain\OnlineShop.Domain.csproj]
C:\Users\arman\source\repos\OnlineShop\src\Domain\Entities\SyncErrorLog.cs(148,21): warning CS0114: 'SyncErrorLog.Delete(string?)' hides inherited member 'BaseEntity.Delete(string?)'. To make the current member override that implementation, add the override keyword. Otherwise add the new keyword. [C:\Users\arman\source\repos\OnlineShop\src\Domain\OnlineShop.Domain.csproj]
C:\Users\arman\source\repos\OnlineShop\src\Domain\Entities\UserOrder.cs(235,21): warning CS0114: 'UserOrder.Delete(string?)' hides inherited member 'BaseEntity.Delete(string?)'. To make the current member override that implementation, add the override keyword. Otherwise add the new keyword. [C:\Users\arman\source\repos\OnlineShop\src\Domain\OnlineShop.Domain.csproj]
C:\Users\arman\source\repos\OnlineShop\src\Domain\Entities\Unit.cs(58,21): warning CS0114: 'Unit.Delete(string?)' hides inherited member 'BaseEntity.Delete(string?)'. To make the current member override that implementation, add the override keyword. Otherwise add the new keyword. [C:\Users\arman\source\repos\OnlineShop\src\Domain\OnlineShop.Domain.csproj]
C:\Users\arman\source\repos\OnlineShop\src\Domain\Entities\UserReturnRequest.cs(130,21): warning CS0114: 'UserReturnRequest.Delete(string?)' hides inherited member 'BaseEntity.Delete(string?)'. To make the current member override that implementation, add the override keyword. Otherwise add the new keyword. [C:\Users\arman\source\repos\OnlineShop\src\Domain\OnlineShop.Domain.csproj]
C:\Users\arman\source\repos\OnlineShop\src\Domain\Entities\UserOrderItem.cs(114,21): warning CS0114: 'UserOrderItem.Delete(string?)' hides inherited member 'BaseEntity.Delete(string?)'. To make the current member override that implementation, add the override keyword. Otherwise add the new keyword. [C:\Users\arman\source\repos\OnlineShop\src\Domain\OnlineShop.Domain.csproj]
C:\Users\arman\source\repos\OnlineShop\src\Domain\Entities\SavedCart.cs(86,21): warning CS0114: 'SavedCart.Delete(string?)' hides inherited member 'BaseEntity.Delete(string?)'. To make the current member override that implementation, add the override keyword. Otherwise add the new keyword. [C:\Users\arman\source\repos\OnlineShop\src\Domain\OnlineShop.Domain.csproj]
C:\Users\arman\source\repos\OnlineShop\tests\OnlineShop.Application.Tests\tests\OnlineShop.Application.Tests\Features\Product\Commands\DeleteProductCommandHandlerTests.cs(34,31): warning CS8600: Converting null literal or possible null value to non-nullable type. [C:\Users\arman\source\repos\OnlineShop\tests\OnlineShop.Application.Tests\OnlineShop.Application.Tests.csproj]
C:\Users\arman\source\repos\OnlineShop\tests\OnlineShop.Application.Tests\tests\OnlineShop.Application.Tests\Features\Product\Commands\UpdateProductCommandHandlerTests.cs(97,31): warning CS8600: Converting null literal or possible null value to non-nullable type. [C:\Users\arman\source\repos\OnlineShop\tests\OnlineShop.Application.Tests\OnlineShop.Application.Tests.csproj]
C:\Users\arman\source\repos\OnlineShop\tests\OnlineShop.Application.Tests\tests\OnlineShop.Application.Tests\Features\Product\Commands\CreateProductCommandHandlerTests.cs(105,55): warning CS8600: Converting null literal or possible null value to non-nullable type. [C:\Users\arman\source\repos\OnlineShop\tests\OnlineShop.Application.Tests\OnlineShop.Application.Tests.csproj]
C:\Users\arman\source\repos\OnlineShop\tests\OnlineShop.Application.Tests\tests\OnlineShop.Application.Tests\Features\Product\Commands\CreateProductCommandHandlerTests.cs(119,13): warning CS8602: Dereference of a possibly null reference. [C:\Users\arman\source\repos\OnlineShop\tests\OnlineShop.Application.Tests\OnlineShop.Application.Tests.csproj]
C:\Users\arman\source\repos\OnlineShop\tests\OnlineShop.Application.Tests\tests\OnlineShop.Application.Tests\Features\Unit\Commands\DeleteUnitCommandHandlerTests.cs(54,31): warning CS8600: Converting null literal or possible null value to non-nullable type. [C:\Users\arman\source\repos\OnlineShop\tests\OnlineShop.Application.Tests\OnlineShop.Application.Tests.csproj]
C:\Users\arman\source\repos\OnlineShop\tests\OnlineShop.Application.Tests\tests\OnlineShop.Application.Tests\Features\Unit\Queries\GetUnitByIdQueryHandlerTests.cs(68,31): warning CS8600: Converting null literal or possible null value to non-nullable type. [C:\Users\arman\source\repos\OnlineShop\tests\OnlineShop.Application.Tests\OnlineShop.Application.Tests.csproj]
C:\Users\arman\source\repos\OnlineShop\tests\OnlineShop.Application.Tests\tests\OnlineShop.Application.Tests\Features\Unit\Commands\UpdateUnitCommandHandlerTests.cs(82,31): warning CS8600: Converting null literal or possible null value to non-nullable type. [C:\Users\arman\source\repos\OnlineShop\tests\OnlineShop.Application.Tests\OnlineShop.Application.Tests.csproj]
C:\Users\arman\source\repos\OnlineShop\tests\OnlineShop.Application.Tests\tests\OnlineShop.Application.Tests\Features\Unit\Queries\GetUnitByIdQueryHandlerTests.cs(87,31): warning CS8600: Converting null literal or possible null value to non-nullable type. [C:\Users\arman\source\repos\OnlineShop\tests\OnlineShop.Application.Tests\OnlineShop.Application.Tests.csproj]
C:\Users\arman\source\repos\OnlineShop\src\Infrastructure\Migrations\20250829180915_removeunittnfromunits.cs(8,26): warning CS8981: The type name 'removeunittnfromunits' only contains lower-cased ascii characters. Such names may become reserved for the language. [C:\Users\arman\source\repos\OnlineShop\src\Infrastructure\OnlineShop.Infrastructure.csproj]
C:\Users\arman\source\repos\OnlineShop\src\Infrastructure\Migrations\20250829180915_removeunittnfromunits.Designer.cs(16,19): warning CS8981: The type name 'removeunittnfromunits' only contains lower-cased ascii characters. Such names may become reserved for the language. [C:\Users\arman\source\repos\OnlineShop\src\Infrastructure\OnlineShop.Infrastructure.csproj]
C:\Users\arman\source\repos\OnlineShop\tests\OnlineShop.IntegrationTests\Helpers\AuthHelper.cs(60,28): warning CS8603: Possible null reference return. [C:\Users\arman\source\repos\OnlineShop\tests\OnlineShop.IntegrationTests\OnlineShop.IntegrationTests.csproj]
C:\Users\arman\source\repos\OnlineShop\tests\OnlineShop.IntegrationTests\Helpers\AuthHelper.cs(70,28): warning CS8603: Possible null reference return. [C:\Users\arman\source\repos\OnlineShop\tests\OnlineShop.IntegrationTests\OnlineShop.IntegrationTests.csproj]
C:\Users\arman\source\repos\OnlineShop\tests\OnlineShop.IntegrationTests\Helpers\AuthHelper.cs(101,20): warning CS8603: Possible null reference return. [C:\Users\arman\source\repos\OnlineShop\tests\OnlineShop.IntegrationTests\OnlineShop.IntegrationTests.csproj]
C:\Users\arman\source\repos\OnlineShop\tests\OnlineShop.IntegrationTests\Helpers\AuthHelper.cs(115,28): warning CS8603: Possible null reference return. [C:\Users\arman\source\repos\OnlineShop\tests\OnlineShop.IntegrationTests\OnlineShop.IntegrationTests.csproj]
C:\Users\arman\source\repos\OnlineShop\tests\OnlineShop.IntegrationTests\Helpers\AuthHelper.cs(125,28): warning CS8603: Possible null reference return. [C:\Users\arman\source\repos\OnlineShop\tests\OnlineShop.IntegrationTests\OnlineShop.IntegrationTests.csproj]
C:\Users\arman\source\repos\OnlineShop\tests\OnlineShop.IntegrationTests\Helpers\AuthHelper.cs(162,20): warning CS8603: Possible null reference return. [C:\Users\arman\source\repos\OnlineShop\tests\OnlineShop.IntegrationTests\OnlineShop.IntegrationTests.csproj]
C:\Users\arman\source\repos\OnlineShop\tests\OnlineShop.IntegrationTests\Helpers\AuthHelper.cs(207,20): warning CS8603: Possible null reference return. [C:\Users\arman\source\repos\OnlineShop\tests\OnlineShop.IntegrationTests\OnlineShop.IntegrationTests.csproj]
    49 Warning(s)
    0 Error(s)

Time Elapsed 00:00:40.75
