  Determining projects to restore...
  All projects are up-to-date for restore.
  OnlineShop.Domain -> C:\Users\arman\source\repos\OnlineShop\src\Domain\bin\Debug\net8.0\OnlineShop.Domain.dll
  OnlineShop.Application -> C:\Users\arman\source\repos\OnlineShop\src\Application\bin\Debug\net8.0\OnlineShop.Application.dll
  OnlineShop.Application.Tests -> C:\Users\arman\source\repos\OnlineShop\tests\OnlineShop.Application.Tests\bin\Debug\net8.0\OnlineShop.Application.Tests.dll
  OnlineShop.Infrastructure -> C:\Users\arman\source\repos\OnlineShop\src\Infrastructure\bin\Debug\net8.0\OnlineShop.Infrastructure.dll
Test run for C:\Users\arman\source\repos\OnlineShop\tests\OnlineShop.Application.Tests\bin\Debug\net8.0\OnlineShop.Application.Tests.dll (.NETCoreApp,Version=v8.0)
A total of 1 test files matched the specified pattern.
  OnlineShop.WebAPI -> C:\Users\arman\source\repos\OnlineShop\src\WebAPI\bin\Debug\net8.0\OnlineShop.WebAPI.dll

Passed!  - Failed:     0, Passed:   205, Skipped:     0, Total:   205, Duration: 2 s - OnlineShop.Application.Tests.dll (net8.0)
C:\Users\arman\source\repos\OnlineShop\tests\OnlineShop.IntegrationTests\Helpers\AuthHelper.cs(60,28): warning CS8603: Possible null reference return. [C:\Users\arman\source\repos\OnlineShop\tests\OnlineShop.IntegrationTests\OnlineShop.IntegrationTests.csproj]
C:\Users\arman\source\repos\OnlineShop\tests\OnlineShop.IntegrationTests\Helpers\AuthHelper.cs(70,28): warning CS8603: Possible null reference return. [C:\Users\arman\source\repos\OnlineShop\tests\OnlineShop.IntegrationTests\OnlineShop.IntegrationTests.csproj]
C:\Users\arman\source\repos\OnlineShop\tests\OnlineShop.IntegrationTests\Helpers\AuthHelper.cs(101,20): warning CS8603: Possible null reference return. [C:\Users\arman\source\repos\OnlineShop\tests\OnlineShop.IntegrationTests\OnlineShop.IntegrationTests.csproj]
C:\Users\arman\source\repos\OnlineShop\tests\OnlineShop.IntegrationTests\Helpers\AuthHelper.cs(115,28): warning CS8603: Possible null reference return. [C:\Users\arman\source\repos\OnlineShop\tests\OnlineShop.IntegrationTests\OnlineShop.IntegrationTests.csproj]
C:\Users\arman\source\repos\OnlineShop\tests\OnlineShop.IntegrationTests\Helpers\AuthHelper.cs(125,28): warning CS8603: Possible null reference return. [C:\Users\arman\source\repos\OnlineShop\tests\OnlineShop.IntegrationTests\OnlineShop.IntegrationTests.csproj]
C:\Users\arman\source\repos\OnlineShop\tests\OnlineShop.IntegrationTests\Helpers\AuthHelper.cs(162,20): warning CS8603: Possible null reference return. [C:\Users\arman\source\repos\OnlineShop\tests\OnlineShop.IntegrationTests\OnlineShop.IntegrationTests.csproj]
C:\Users\arman\source\repos\OnlineShop\tests\OnlineShop.IntegrationTests\Helpers\AuthHelper.cs(207,20): warning CS8603: Possible null reference return. [C:\Users\arman\source\repos\OnlineShop\tests\OnlineShop.IntegrationTests\OnlineShop.IntegrationTests.csproj]
CSC : error CS2012: Cannot open 'C:\Users\arman\source\repos\OnlineShop\tests\OnlineShop.IntegrationTests\obj\Debug\net9.0\OnlineShop.IntegrationTests.dll' for writing -- The process cannot access the file 'C:\Users\arman\source\repos\OnlineShop\tests\OnlineShop.IntegrationTests\obj\Debug\net9.0\OnlineShop.IntegrationTests.dll' because it is being used by another process.; file may be locked by '.NET Host' (3160) [C:\Users\arman\source\repos\OnlineShop\tests\OnlineShop.IntegrationTests\OnlineShop.IntegrationTests.csproj]
